ui/src/ui/app-gateway.ts(250,11): error TS2345: Argument of type 'number' is not assignable to parameter of type 'Timeout'.
ui/src/ui/app-settings.ts(48,14): error TS2352: Conversion of type 'Window & typeof globalThis' to type 'Record<string, unknown>' may be a mistake because neither type sufficiently overlaps with the other. If this was intentional, convert the expression to 'unknown' first.
  Index signature for type 'string' is missing in type 'Window & typeof globalThis'.
ui/src/ui/app-settings.ts(49,14): error TS2352: Conversion of type 'Window & typeof globalThis' to type 'Record<string, unknown>' may be a mistake because neither type sufficiently overlaps with the other. If this was intentional, convert the expression to 'unknown' first.
  Index signature for type 'string' is missing in type 'Window & typeof globalThis'.
ui/src/ui/app-settings.ts(350,7): error TS2367: This comparison appears to be unintentional because the types 'Tab' and '"manager"' have no overlap.
ui/src/ui/app-settings.ts(365,7): error TS2367: This comparison appears to be unintentional because the types 'Tab' and '"manager"' have no overlap.
ui/src/ui/presenter.ts(60,18): error TS2552: Cannot find name 'formatDurationMs'. Did you mean 'formatDurationHuman'?
ui/src/ui/views/channels.whatsapp.ts(52,45): error TS2304: Cannot find name 'formatDuration'.
ui/src/ui/views/config.browser.test.ts(43,20): error TS2345: Argument of type '{ schema: { type: string; properties: { mixed: { anyOf: ({ type: string; } | { type: string; properties: {}; })[]; }; }; }; schemaLoading: false; uiHints: {}; formMode: "form"; formValue: { mixed: string; }; raw: string; ... 21 more ...; onSubsectionChange: Mock<...>; }' is not assignable to parameter of type 'ConfigProps'.
  Property 'onestop' is missing in type '{ schema: { type: string; properties: { mixed: { anyOf: ({ type: string; } | { type: string; properties: {}; })[]; }; }; }; schemaLoading: false; uiHints: {}; formMode: "form"; formValue: { mixed: string; }; raw: string; ... 21 more ...; onSubsectionChange: Mock<...>; }' but required in type 'ConfigProps'.
ui/src/ui/views/config.browser.test.ts(71,20): error TS2345: Argument of type '{ schema: null; formMode: "form"; formValue: { gateway: { mode: string; }; }; originalValue: {}; raw: string; originalRaw: string; valid: boolean; issues: never[]; loading: boolean; saving: boolean; applying: boolean; ... 16 more ...; onSubsectionChange: Mock<...>; }' is not assignable to parameter of type 'ConfigProps'.
  Property 'onestop' is missing in type '{ schema: null; formMode: "form"; formValue: { gateway: { mode: string; }; }; originalValue: {}; raw: string; originalRaw: string; valid: boolean; issues: never[]; loading: boolean; saving: boolean; applying: boolean; ... 16 more ...; onSubsectionChange: Mock<...>; }' but required in type 'ConfigProps'.
ui/src/ui/views/config.browser.test.ts(91,20): error TS2345: Argument of type '{ formMode: "raw"; raw: string; originalRaw: string; valid: boolean; issues: never[]; loading: boolean; saving: boolean; applying: boolean; updating: boolean; connected: boolean; schema: { type: string; properties: {}; }; ... 16 more ...; onSubsectionChange: Mock<...>; }' is not assignable to parameter of type 'ConfigProps'.
  Property 'onestop' is missing in type '{ formMode: "raw"; raw: string; originalRaw: string; valid: boolean; issues: never[]; loading: boolean; saving: boolean; applying: boolean; updating: boolean; connected: boolean; schema: { type: string; properties: {}; }; ... 16 more ...; onSubsectionChange: Mock<...>; }' but required in type 'ConfigProps'.
ui/src/ui/views/config.browser.test.ts(115,20): error TS2345: Argument of type '{ formMode: "raw"; raw: string; originalRaw: string; valid: boolean; issues: never[]; loading: boolean; saving: boolean; applying: boolean; updating: boolean; connected: boolean; schema: { type: string; properties: {}; }; ... 16 more ...; onSubsectionChange: Mock<...>; }' is not assignable to parameter of type 'ConfigProps'.
  Property 'onestop' is missing in type '{ formMode: "raw"; raw: string; originalRaw: string; valid: boolean; issues: never[]; loading: boolean; saving: boolean; applying: boolean; updating: boolean; connected: boolean; schema: { type: string; properties: {}; }; ... 16 more ...; onSubsectionChange: Mock<...>; }' but required in type 'ConfigProps'.
ui/src/ui/views/config.browser.test.ts(140,20): error TS2345: Argument of type '{ onFormModeChange: Mock<Procedure>; raw: string; originalRaw: string; valid: boolean; issues: never[]; loading: boolean; saving: boolean; applying: boolean; updating: boolean; ... 18 more ...; onSubsectionChange: Mock<...>; }' is not assignable to parameter of type 'ConfigProps'.
  Property 'onestop' is missing in type '{ onFormModeChange: Mock<Procedure>; raw: string; originalRaw: string; valid: boolean; issues: never[]; loading: boolean; saving: boolean; applying: boolean; updating: boolean; ... 18 more ...; onSubsectionChange: Mock<...>; }' but required in type 'ConfigProps'.
ui/src/ui/views/config.browser.test.ts(159,20): error TS2345: Argument of type '{ onSectionChange: Mock<Procedure>; schema: { type: string; properties: { gateway: { type: string; properties: {}; }; agents: { type: string; properties: {}; }; }; }; raw: string; originalRaw: string; ... 23 more ...; onSubsectionChange: Mock<...>; }' is not assignable to parameter of type 'ConfigProps'.
  Property 'onestop' is missing in type '{ onSectionChange: Mock<Procedure>; schema: { type: string; properties: { gateway: { type: string; properties: {}; }; agents: { type: string; properties: {}; }; }; }; raw: string; originalRaw: string; ... 23 more ...; onSubsectionChange: Mock<...>; }' but required in type 'ConfigProps'.
ui/src/ui/views/config.browser.test.ts(185,20): error TS2345: Argument of type '{ onSearchChange: Mock<Procedure>; raw: string; originalRaw: string; valid: boolean; issues: never[]; loading: boolean; saving: boolean; applying: boolean; updating: boolean; ... 18 more ...; onSubsectionChange: Mock<...>; }' is not assignable to parameter of type 'ConfigProps'.
  Property 'onestop' is missing in type '{ onSearchChange: Mock<Procedure>; raw: string; originalRaw: string; valid: boolean; issues: never[]; loading: boolean; saving: boolean; applying: boolean; updating: boolean; ... 18 more ...; onSubsectionChange: Mock<...>; }' but required in type 'ConfigProps'.
ui/src/ui/views/cron.ts(390,30): error TS2304: Cannot find name 'formatCronPayload'.
